Loading candidates...
  638 political candidates to merge
Loading dataset...
  793 existing rows, next id = 794
  header: ('id', 'label', 'title', 'description', 'date', 'url')

Backing up original dataset to /home/lis/code/ProyectoDeep/dataset_politica_colombiana.backup_pre_expansion.xlsx

Fetching/processing 638 candidates with 8 concurrent workers...
  ...100/638 processed (100 ok, 0 failed)
  ...200/638 processed (200 ok, 0 failed)
  ...300/638 processed (300 ok, 0 failed)
  ...400/638 processed (400 ok, 0 failed)
  ...500/638 processed (500 ok, 0 failed)
  ...600/638 processed (600 ok, 0 failed)
  ...638/638 processed (638 ok, 0 failed)

Appending 638 new rows to the dataset...
Saved: /home/lis/code/ProyectoDeep/dataset_politica_colombiana.xlsx
New row count: 1431 (793 original + 638 added)

Sample of newly added rows:
  id=794  date=07/01/2014  Farc sorprenden y exigen representante de emos en mesa de La Habana
    Luego de ver a sus voceros enfundados en camisetas de la selección Colombia y Millonarios y Santa Fe, las Farc siguen sorprendiendo en La Habana. El c
  id=795  date=09/01/2014  Nuevo partido busca rescatar viejas glorias de la democracia
    Es un hecho la presentación a los medios de comunicación de un nuevo partido político, cuyo objetivo inicial es entrar en la contienda de las próximas
  id=796  date=15/01/2014  De un reality show saldrá el reemplazo de Gustavo Petro
    Esta decisión es fruto de un acuerdo sin antecedentes entre los partidos de la Unidad Nacional y el movimiento Alianza Verde para escoger al reemplazo
  id=797  date=15/01/2014  Tanqueta del ESMAD acaba de entrar a la Universidad Nacional
    En un hecho histórico, en medio de una pedrea, una tanqueta del Escuadrón Movil Anti Disturbios (ESMAD) decidió entrar a la Universidad Nacional. Tras
  id=798  date=16/01/2014  Unión Europea pide a colombianos dejar de pedir que les regalen cosas
    por Aquiles Baeza en Detodito . Kamilla Koons, directora de relaciones culturales de la Unión Europea, recomendó mediante una circular diplomática que
