Loading existing dataset URLs...
  actualidadpanamericana.com: 119 URLs already in dataset
  elchiguirebipolar.net: 6 URLs already in dataset

Crawling sitemap for actualidadpanamericana.com ...
  Total URLs on site: 2621
  Slug-level Colombia recall filter: 752 (694 not already in dataset)

Crawling sitemap for elchiguirebipolar.net ...
  Total URLs on site: 11584
  Slug-level Colombia recall filter: 159 (153 not already in dataset)

Stage 1 candidate set (to be content-checked): 847
Fetching each candidate's real title/description with 8 concurrent workers...

  ...100/847 fetched
  ...200/847 fetched
  ...300/847 fetched
  ...400/847 fetched
  ...500/847 fetched
  ...600/847 fetched
  ...700/847 fetched
  ...800/847 fetched
  ...847/847 fetched

======================================================================
RESULTS
======================================================================
Fetched successfully : 847
Fetch failures        : 0
Classified POLITICAL  : 638
Classified other      : 209

  actualidadpanamericana.com:
    political : 513
    other     : 181
    failed    : 0

  elchiguirebipolar.net:
    political : 125
    other     : 28
    failed    : 0

Written:
  /home/lis/code/ProyectoDeep/satirical_candidates_political.csv  (638 rows)
  /home/lis/code/ProyectoDeep/satirical_candidates_other.csv  (209 rows)
  /home/lis/code/ProyectoDeep/satirical_fetch_failures.csv  (0 rows)

Sample of classified-political candidates (first 10):
  [actualidadpanamericana.com] Farc sorprenden y exigen representante de emos en mesa de La Habana - Actualidad Panamericana
      https://actualidadpanamericana.com/farc-sorprenden-y-exigen-representante-de-emos-en-mesa-de-la-habana/
  [actualidadpanamericana.com] Nuevo partido busca rescatar viejas glorias de la democracia - Actualidad Panamericana
      https://actualidadpanamericana.com/surge-nuevo-partido-politico-que-aspiraria-a-la-alcaldia-de-bogota/
  [actualidadpanamericana.com] De un reality show saldrá el reemplazo de Gustavo Petro - Actualidad Panamericana
      https://actualidadpanamericana.com/de-un-reality-show-saldra-el-reemplazo-de-gustavo-petro/
  [actualidadpanamericana.com] Tanqueta del ESMAD acaba de entrar a la Universidad Nacional - Actualidad Panamericana
      https://actualidadpanamericana.com/tanqueta-del-esmad-entra-a-la-universidad-nacional/
  [actualidadpanamericana.com] Unión Europea pide a colombianos dejar de pedir que les regalen cosas - Actualidad Panamericana
      https://actualidadpanamericana.com/union-europea-pide-a-colombianos-dejar-de-pedir-que-les-regalen-cosas/
  [actualidadpanamericana.com] Expresidente Uribe abucheado en restaurante por no dejar propina - Actualidad Panamericana
      https://actualidadpanamericana.com/ex-presidente-uribe-abucheado-de-restaurante-por-no-dejar-propina/
  [actualidadpanamericana.com] Artesanías de Colombia premiará conexión de TM entre troncales 26 y NQS - Actualidad Panamericana
      https://actualidadpanamericana.com/artesanias-de-colombia-premiara-conexion-de-tm-entre-troncales-26-y-nqs/
  [actualidadpanamericana.com] Revuelo en Cartagena por nueva modalidad de paseo millonario - Actualidad Panamericana
      https://actualidadpanamericana.com/revuelo-en-cartagena-por-nueva-modalidad-de-paseo-millonario/
  [actualidadpanamericana.com] Ver partidos del FPC sería castigo alternativo para Farc - Actualidad Panamericana
      https://actualidadpanamericana.com/ver-partidos-del-fpc-seria-castigo-alternativo-para-farc/
  [actualidadpanamericana.com] Hilda Strauss a la alcaldía de Bogotá - Actualidad Panamericana
      https://actualidadpanamericana.com/hilda-strauss-a-la-alcaldia-de-bogota/
